C51 COMPILER V9.52.0.0   MAIN                                                              04/14/2024 19:08:00 PAGE 1   


C51 COMPILER V9.52.0.0, COMPILATION OF MODULE MAIN
OBJECT MODULE PLACED IN main.OBJ
COMPILER INVOKED BY: F:\all_for_51\keil\C51\BIN\C51.EXE main.c BROWSE DEBUG OBJECTEXTEND TABS(2)

line level    source

   1          #include "reg52.h"
   2          #include "hc04.h"
   3          #include "delay.h"
   4          #include "sg90.h"
   5           
   6          #define MIDDLE 0
   7          #define LEFT   1
   8          #define RIGHT  2
   9          
  10          
  11          
  12          
  13          void main()
  14          {
  15   1        
  16   1        char dir;
  17   1        double disMiddle;
  18   1        double disLeft;
  19   1        double disRight;
  20   1        Time0Init();
  21   1        Time1Init();
  22   1        //刚上电让摄像头保持在中间
  23   1         sgMiddle();
  24   1         dir = MIDDLE;
  25   1         Delay450ms();
  26   1         Delay450ms();
  27   1        while(1){
  28   2          Delay200ms();
  29   2          if(dir != MIDDLE){    
  30   3          sgMiddle();
  31   3          dir = MIDDLE;
  32   3          Delay450ms();
  33   3          }
  34   2           disMiddle=get_distance();
  35   2          
  36   2           if(disMiddle>35){
  37   3            closeStatusLight();
  38   3           //前进
  39   3          }
  40   2          else{
  41   3             openStatusLight();
  42   3          //停止 --测距
  43   3              sgLeft();
  44   3               Delay450ms();
  45   3              disLeft=get_distance();
  46   3             
  47   3              
  48   3              sgMiddle();
  49   3      
  50   3              Delay450ms();
  51   3             
  52   3              sgRight();
  53   3              dir=RIGHT;
  54   3              Delay450ms();
  55   3            
C51 COMPILER V9.52.0.0   MAIN                                                              04/14/2024 19:08:00 PAGE 2   

  56   3              disRight=get_distance();
  57   3             
  58   3          }
  59   2      
  60   2        }
  61   1      } 
  62          
  63          
  64          
  65          
  66          
  67          


MODULE INFORMATION:   STATIC OVERLAYABLE
   CODE SIZE        =    120    ----
   CONSTANT SIZE    =   ----    ----
   XDATA SIZE       =   ----    ----
   PDATA SIZE       =   ----    ----
   DATA SIZE        =   ----      13
   IDATA SIZE       =   ----    ----
   BIT SIZE         =   ----    ----
END OF MODULE INFORMATION.


C51 COMPILATION COMPLETE.  0 WARNING(S),  0 ERROR(S)
